  ┌─────────────────┬────────────────────────┐
  │  Timezone ID    │  US-Eastern            │
  ├─────────────────┼────────────────────────┤
  │  Rule Type      │  DAYLIGHT              │
  │  DTStart        │  2007-03-11T02:00:00Z  │
  │  TZOffsetFrom   │  -18000                │
  │  TZOffsetTo     │  -14400                │
  │  TZName         │  EDT                   │
  │  RRule Freq     │  YEARLY                │
  │  RRule ByMonth  │  3                     │
  │  RRule ByDay    │  2SU                   │
  ├─────────────────┼────────────────────────┤
  │  Rule Type      │  STANDARD              │
  │  DTStart        │  2007-11-04T02:00:00Z  │
  │  TZOffsetFrom   │  -14400                │
  │  TZOffsetTo     │  -18000                │
  │  TZName         │  EST                   │
  │  RRule Freq     │  YEARLY                │
  │  RRule ByMonth  │  11                    │
  │  RRule ByDay    │  1SU                   │
  └─────────────────┴────────────────────────┘
  ┌────────────┬────────────────────────┐
  │  UID       │  f89911a7-b3e1-475b-9  │
  │            │  b35-972f1562d6c8      │
  ├────────────┼────────────────────────┤
  │  Summary   │  Test event 1          │
  │  Location  │  Washington, DC        │
  │  Start     │  2020-01-02T15:00:00Z  │
  │  End       │  2020-01-02T15:00:00Z  │
  └────────────┴────────────────────────┘
  ┌────────────┬────────────────────────┐
  │  UID       │  7a3a1dd7-156f-4781-9  │
  │            │  643-b2dd122320e6      │
  ├────────────┼────────────────────────┤
  │  Summary   │  Test event 2          │
  │  Location  │  Washington, DC        │
  │  Start     │  2020-01-03T15:00:00Z  │
  │  End       │  2020-01-03T15:00:00Z  │
  └────────────┴────────────────────────┘
  ┌────────────┬────────────────────────┐
  │  UID       │  a2b89d4e-90dc-40eb-8  │
  │            │  1ee-3b89f5c8f305      │
  ├────────────┼────────────────────────┤
  │  Summary   │  Test event 3          │
  │  Location  │  Washington, DC        │
  │  Start     │  2020-07-15T14:00:00Z  │
  │  End       │  2020-07-15T14:00:00Z  │
  └────────────┴────────────────────────┘
  ┌────────────┬────────────────────────┐
  │  UID       │  fabdad6b-078d-4ea6-a  │
  │            │  4a8-62717d96d504      │
  ├────────────┼────────────────────────┤
  │  Summary   │  Test event 4          │
  │  Location  │  Washington, DC        │
  │  Start     │  2020-07-15T14:00:00Z  │
  │  End       │  2020-07-15T14:15:00Z  │
  └────────────┴────────────────────────┘
  ┌────────────┬────────────────────────┐
  │  UID       │  33df1a43-4342-4fcb-a  │
  │            │  e9a-ce02947c107f      │
  ├────────────┼────────────────────────┤
  │  Summary   │  Test event with       │
  │            │  alarm                 │
  │  Location  │  Washington, DC        │
  │  Start     │  2025-01-01T17:00:00Z  │
  │  End       │  2025-01-01T17:15:00Z  │
  └────────────┴────────────────────────┘
  ┌────────────┬────────────────────────┐
  │  UID       │  7fbb0f90-0933-49aa-b  │
  │            │  76f-273e4445ce3e      │
  ├────────────┼────────────────────────┤
  │  Summary   │  Test recurring        │
  │            │  event                 │
  │  Location  │  Washington, DC        │
  │  Start     │  2025-01-06T14:00:00Z  │
  │  End       │  2025-01-06T14:30:00Z  │
  │  RRule     │  FREQ=WEEKLY;BYDAY=MO  │
  │            │  ,WE;COUNT=10          │
  └────────────┴────────────────────────┘
  ┌────────────┬────────────────────────┐
  │  UID       │  a6ebd88c-4610-479a-a  │
  │            │  78e-2387b3e95ed7      │
  ├────────────┼────────────────────────┤
  │  Summary   │  Test recurring        │
  │            │  event with until      │
  │  Location  │  Washington, DC        │
  │  Start     │  2025-03-03T14:00:00Z  │
  │  End       │  2025-03-03T14:45:00Z  │
  │  RRule     │  FREQ=WEEKLY;BYDAY=MO  │
  │            │  ;UNTIL=20250401T0000  │
  │            │  00Z                   │
  └────────────┴────────────────────────┘
