  ┌─────────────────┬────────────────────────┐
  │  Timezone ID    │  US-Eastern            │
  ├─────────────────┼────────────────────────┤
  │  Rule Type      │  DAYLIGHT              │
  │  DTStart        │  2007-03-11T02:00:00Z  │
  │  TZOffsetFrom   │  -18000                │
  │  TZOffsetTo     │  -14400                │
  │  TZName         │  EDT                   │
  │  RRule Freq     │  YEARLY                │
  │  RRule ByMonth  │  3                     │
  │  RRule ByDay    │  2SU                   │
  │  Rule Type      │  STANDARD              │
  │  DTStart        │  2007-11-04T02:00:00Z  │
  │  TZOffsetFrom   │  -14400                │
  │  TZOffsetTo     │  -18000                │
  │  TZName         │  EST                   │
  │  RRule Freq     │  YEARLY                │
  │  RRule ByMonth  │  11                    │
  │  RRule ByDay    │  1SU                   │
  └─────────────────┴────────────────────────┘
